\BOOKMARK [0][-]{chapter.1}{\376\377\000P\000r\000o\000j\000e\000c\000t\000\040\000O\000v\000e\000r\000v\000i\000e\000w}{}% 1
\BOOKMARK [1][-]{section.1.1}{\376\377\000P\000r\000o\000j\000e\000c\000t\000\040\000I\000d\000e\000n\000t\000i\000t\000y}{chapter.1}% 2
\BOOKMARK [1][-]{section.1.2}{\376\377\000C\000o\000r\000e\000\040\000O\000b\000j\000e\000c\000t\000i\000v\000e\000s}{chapter.1}% 3
\BOOKMARK [1][-]{section.1.3}{\376\377\000N\000o\000n\000-\000G\000o\000a\000l\000s}{chapter.1}% 4
\BOOKMARK [0][-]{chapter.2}{\376\377\000S\000y\000s\000t\000e\000m\000\040\000A\000r\000c\000h\000i\000t\000e\000c\000t\000u\000r\000e}{}% 5
\BOOKMARK [1][-]{section.2.1}{\376\377\000H\000i\000g\000h\000-\000L\000e\000v\000e\000l\000\040\000A\000r\000c\000h\000i\000t\000e\000c\000t\000u\000r\000e\000\040\000D\000i\000a\000g\000r\000a\000m}{chapter.2}% 6
\BOOKMARK [1][-]{section.2.2}{\376\377\000C\000o\000m\000p\000o\000n\000e\000n\000t\000\040\000S\000u\000m\000m\000a\000r\000y}{chapter.2}% 7
\BOOKMARK [0][-]{chapter.3}{\376\377\000C\000o\000m\000m\000u\000n\000i\000c\000a\000t\000i\000o\000n\000\040\000L\000a\000y\000e\000r}{}% 8
\BOOKMARK [1][-]{section.3.1}{\376\377\000P\000r\000o\000t\000o\000c\000o\000l\000\040\000O\000v\000e\000r\000v\000i\000e\000w}{chapter.3}% 9
\BOOKMARK [1][-]{section.3.2}{\376\377\000P\000a\000c\000k\000e\000t\000\040\000F\000l\000o\000w\000\040\040\024\000\040\000H\000T\000T\000P}{chapter.3}% 10
\BOOKMARK [1][-]{section.3.3}{\376\377\000P\000a\000c\000k\000e\000t\000\040\000S\000c\000h\000e\000m\000a}{chapter.3}% 11
\BOOKMARK [0][-]{chapter.4}{\376\377\000S\000e\000c\000u\000r\000i\000t\000y\000\040\000I\000m\000p\000l\000e\000m\000e\000n\000t\000a\000t\000i\000o\000n}{}% 12
\BOOKMARK [1][-]{section.4.1}{\376\377\000S\000e\000c\000u\000r\000i\000t\000y\000\040\000L\000a\000y\000e\000r\000\040\000A\000r\000c\000h\000i\000t\000e\000c\000t\000u\000r\000e}{chapter.4}% 13
\BOOKMARK [1][-]{section.4.2}{\376\377\000D\000e\000v\000i\000c\000e\000\040\000R\000e\000g\000i\000s\000t\000r\000a\000t\000i\000o\000n\000\040\000F\000l\000o\000w}{chapter.4}% 14
\BOOKMARK [1][-]{section.4.3}{\376\377\000H\000M\000A\000C\000-\000S\000H\000A\0002\0005\0006\000\040\000I\000m\000p\000l\000e\000m\000e\000n\000t\000a\000t\000i\000o\000n}{chapter.4}% 15
\BOOKMARK [1][-]{section.4.4}{\376\377\000A\000E\000S\000-\0002\0005\0006\000-\000G\000C\000M\000\040\000E\000n\000c\000r\000y\000p\000t\000i\000o\000n}{chapter.4}% 16
\BOOKMARK [1][-]{section.4.5}{\376\377\000F\000a\000u\000l\000t\000\040\000C\000o\000d\000e\000s}{chapter.4}% 17
\BOOKMARK [0][-]{chapter.5}{\376\377\000V\000e\000h\000i\000c\000l\000e\000\040\000S\000i\000m\000u\000l\000a\000t\000i\000o\000n\000\040\000E\000n\000g\000i\000n\000e}{}% 18
\BOOKMARK [1][-]{section.5.1}{\376\377\000P\000h\000y\000s\000i\000c\000s\000\040\000M\000o\000d\000e\000l\000\040\000O\000v\000e\000r\000v\000i\000e\000w}{chapter.5}% 19
\BOOKMARK [2][-]{subsection.5.1.1}{\376\377\000L\000o\000a\000d\000\040\000F\000a\000c\000t\000o\000r\000\040\000C\000o\000m\000p\000u\000t\000a\000t\000i\000o\000n}{section.5.1}% 20
\BOOKMARK [2][-]{subsection.5.1.2}{\376\377\000B\000a\000t\000t\000e\000r\000y\000\040\000D\000r\000a\000i\000n\000\040\000M\000o\000d\000e\000l}{section.5.1}% 21
\BOOKMARK [2][-]{subsection.5.1.3}{\376\377\000T\000h\000e\000r\000m\000a\000l\000\040\000M\000o\000d\000e\000l}{section.5.1}% 22
\BOOKMARK [2][-]{subsection.5.1.4}{\376\377\000R\000a\000n\000g\000e\000\040\000E\000s\000t\000i\000m\000a\000t\000i\000o\000n}{section.5.1}% 23
\BOOKMARK [1][-]{section.5.2}{\376\377\000V\000e\000h\000i\000c\000l\000e\000\040\000O\000p\000e\000r\000a\000t\000i\000n\000g\000\040\000M\000o\000d\000e\000s}{chapter.5}% 24
\BOOKMARK [1][-]{section.5.3}{\376\377\000P\000h\000y\000s\000i\000c\000s\000\040\000I\000n\000t\000e\000r\000d\000e\000p\000e\000n\000d\000e\000n\000c\000y\000\040\000M\000a\000p}{chapter.5}% 25
\BOOKMARK [0][-]{chapter.6}{\376\377\000A\000I\000\040\000I\000n\000t\000e\000g\000r\000a\000t\000i\000o\000n}{}% 26
\BOOKMARK [1][-]{section.6.1}{\376\377\000A\000r\000c\000h\000i\000t\000e\000c\000t\000u\000r\000e}{chapter.6}% 27
\BOOKMARK [1][-]{section.6.2}{\376\377\000T\000w\000o\000\040\000A\000I\000\040\000S\000u\000r\000f\000a\000c\000e\000s}{chapter.6}% 28
\BOOKMARK [1][-]{section.6.3}{\376\377\000P\000r\000o\000m\000p\000t\000\040\000E\000n\000g\000i\000n\000e\000e\000r\000i\000n\000g}{chapter.6}% 29
\BOOKMARK [1][-]{section.6.4}{\376\377\000A\000I\000\040\000T\000h\000r\000o\000t\000t\000l\000i\000n\000g}{chapter.6}% 30
\BOOKMARK [0][-]{chapter.7}{\376\377\000D\000a\000t\000a\000b\000a\000s\000e\000\040\000S\000c\000h\000e\000m\000a}{}% 31
\BOOKMARK [1][-]{section.7.1}{\376\377\000S\000c\000h\000e\000m\000a\000\040\000O\000v\000e\000r\000v\000i\000e\000w}{chapter.7}% 32
\BOOKMARK [1][-]{section.7.2}{\376\377\000P\000a\000c\000k\000e\000t\000s\000\040\000T\000a\000b\000l\000e}{chapter.7}% 33
\BOOKMARK [1][-]{section.7.3}{\376\377\000S\000e\000r\000v\000e\000r\000\040\000C\000o\000n\000f\000i\000g\000\040\000K\000e\000y\000s}{chapter.7}% 34
\BOOKMARK [0][-]{chapter.8}{\376\377\000N\000e\000t\000w\000o\000r\000k\000\040\000O\000p\000e\000r\000a\000t\000i\000o\000n\000s\000\040\000C\000e\000n\000t\000e\000r\000\040\000\050\000N\000O\000C\000\051}{}% 35
\BOOKMARK [1][-]{section.8.1}{\376\377\000N\000O\000C\000\040\000P\000u\000r\000p\000o\000s\000e}{chapter.8}% 36
\BOOKMARK [1][-]{section.8.2}{\376\377\000N\000O\000C\000\040\000T\000e\000r\000m\000i\000n\000o\000l\000o\000g\000y\000\040\000G\000l\000o\000s\000s\000a\000r\000y}{chapter.8}% 37
\BOOKMARK [1][-]{section.8.3}{\376\377\000N\000O\000C\000\040\000L\000i\000v\000e\000\040\000C\000o\000n\000t\000r\000o\000l\000s}{chapter.8}% 38
\BOOKMARK [1][-]{section.8.4}{\376\377\000N\000O\000C\000\040\000P\000a\000c\000k\000e\000t\000\040\000I\000n\000s\000p\000e\000c\000t\000o\000r\000\040\000F\000i\000e\000l\000d\000s}{chapter.8}% 39
\BOOKMARK [0][-]{chapter.9}{\376\377\000F\000r\000o\000n\000t\000e\000n\000d\000\040\000P\000a\000g\000e\000s}{}% 40
\BOOKMARK [1][-]{section.9.1}{\376\377\000R\000o\000u\000t\000i\000n\000g\000\040\000A\000r\000c\000h\000i\000t\000e\000c\000t\000u\000r\000e}{chapter.9}% 41
\BOOKMARK [1][-]{section.9.2}{\376\377\000D\000r\000i\000v\000e\000r\000\040\000D\000a\000s\000h\000b\000o\000a\000r\000d\000\040\000\050\000/\000d\000r\000i\000v\000e\000r\000\051}{chapter.9}% 42
\BOOKMARK [1][-]{section.9.3}{\376\377\000N\000O\000C\000\040\000D\000a\000s\000h\000b\000o\000a\000r\000d\000\040\000\050\000/\000n\000o\000c\000\051}{chapter.9}% 43
\BOOKMARK [1][-]{section.9.4}{\376\377\000A\000d\000m\000i\000n\000\040\000C\000o\000n\000s\000o\000l\000e\000\040\000\050\000/\000a\000d\000m\000i\000n\000\051}{chapter.9}% 44
\BOOKMARK [1][-]{section.9.5}{\376\377\000M\000o\000b\000i\000l\000e\000\040\000V\000i\000e\000w\000s\000\040\000\050\000/\000a\000l\000p\000h\000a\000m\000o\000b\000i\000l\000e\000,\000\040\000/\000b\000e\000t\000a\000m\000o\000b\000i\000l\000e\000,\000\040\000e\000t\000c\000.\000\051}{chapter.9}% 45
\BOOKMARK [0][-]{chapter.10}{\376\377\000C\000h\000a\000o\000s\000\040\000\046\000\040\000S\000i\000m\000u\000l\000a\000t\000i\000o\000n\000\040\000M\000i\000d\000d\000l\000e\000w\000a\000r\000e}{}% 46
\BOOKMARK [1][-]{section.10.1}{\376\377\000P\000u\000r\000p\000o\000s\000e}{chapter.10}% 47
\BOOKMARK [1][-]{section.10.2}{\376\377\000M\000i\000d\000d\000l\000e\000w\000a\000r\000e\000\040\000P\000i\000p\000e\000l\000i\000n\000e}{chapter.10}% 48
\BOOKMARK [1][-]{section.10.3}{\376\377\000T\000a\000m\000p\000e\000r\000\040\000D\000e\000t\000e\000c\000t\000i\000o\000n\000\040\000S\000e\000q\000u\000e\000n\000c\000e}{chapter.10}% 49
\BOOKMARK [0][-]{chapter.11}{\376\377\000A\000P\000I\000\040\000R\000e\000f\000e\000r\000e\000n\000c\000e}{}% 50
\BOOKMARK [1][-]{section.11.1}{\376\377\000C\000o\000m\000p\000l\000e\000t\000e\000\040\000E\000n\000d\000p\000o\000i\000n\000t\000\040\000I\000n\000v\000e\000n\000t\000o\000r\000y}{chapter.11}% 51
\BOOKMARK [0][-]{chapter.12}{\376\377\000C\000C\000N\000S\000\040\000S\000y\000l\000l\000a\000b\000u\000s\000\040\000M\000a\000p\000p\000i\000n\000g}{}% 52
\BOOKMARK [0][-]{chapter.13}{\376\377\000S\000t\000a\000r\000t\000u\000p\000\040\000\046\000\040\000D\000e\000p\000l\000o\000y\000m\000e\000n\000t}{}% 53
\BOOKMARK [1][-]{section.13.1}{\376\377\000P\000r\000e\000r\000e\000q\000u\000i\000s\000i\000t\000e\000s}{chapter.13}% 54
\BOOKMARK [1][-]{section.13.2}{\376\377\000O\000n\000e\000-\000C\000l\000i\000c\000k\000\040\000S\000t\000a\000r\000t\000u\000p}{chapter.13}% 55
\BOOKMARK [1][-]{section.13.3}{\376\377\000P\000o\000r\000t\000\040\000M\000a\000p}{chapter.13}% 56
\BOOKMARK [0][-]{chapter.14}{\376\377\000S\000e\000c\000u\000r\000i\000t\000y\000\040\000A\000n\000a\000l\000y\000s\000i\000s}{}% 57
\BOOKMARK [1][-]{section.14.1}{\376\377\000T\000h\000r\000e\000a\000t\000\040\000M\000o\000d\000e\000l}{chapter.14}% 58
\BOOKMARK [1][-]{section.14.2}{\376\377\000C\000r\000y\000p\000t\000o\000g\000r\000a\000p\000h\000i\000c\000\040\000S\000t\000r\000e\000n\000g\000t\000h}{chapter.14}% 59
\BOOKMARK [0][-]{appendix.A}{\376\377\000W\000e\000b\000S\000o\000c\000k\000e\000t\000\040\000E\000v\000e\000n\000t\000\040\000T\000y\000p\000e\000s}{}% 60
\BOOKMARK [0][-]{appendix.B}{\376\377\000F\000a\000u\000l\000t\000\040\000C\000o\000d\000e\000\040\000R\000e\000f\000e\000r\000e\000n\000c\000e}{}% 61
\BOOKMARK [0][-]{appendix.C}{\376\377\000P\000h\000y\000s\000i\000c\000s\000\040\000E\000n\000g\000i\000n\000e\000\040\040\024\000\040\000K\000e\000y\000\040\000C\000o\000n\000s\000t\000a\000n\000t\000s}{}% 62
